.\.venv\Scripts\python.
exe : Creating test 
database for alias 
'default' ('file:memory
db_default?mode=memory&
cache=shared')...
At line:1 char:1
+ .\.venv\Scripts\pytho
n.exe manage.py test pa
pers.tests.Segmentation
Te ...
+ ~~~~~~~~~~~~~~~~~~~~~
~~~~~~~~~~~~~~~~~~~~~~~
~~~~~~~~~~~~~~~~~~~~~~~
~~
    + CategoryInfo     
         : NotSpecifi  
  ed: (Creating test   
  d...che=shared').    
..:String) [], Rem    
oteException
    + FullyQualifiedEr 
   rorId : NativeComm  
  andError
 

Found 1 test(s).
Operations to perform:
  Synchronize unmigrated apps: messages, staticfiles
  Apply all migrations: admin, auth, contenttypes, papers, sessions
Synchronizing apps without migrations:
  Creating tables...
    Running deferred SQL...
Running migrations:
  Applying contenttypes.0001_initial... OK
  Applying auth.0001_initial... OK
  Applying admin.0001_initial... OK
  Applying admin.0002_logentry_remove_auto_add... OK
  Applying admin.0003_logentry_add_action_flag_choices... OK
  Applying contenttypes.0002_remove_content_type_name... OK
  Applying auth.0002_alter_permission_name_max_length... OK
  Applying auth.0003_alter_user_email_max_length... OK
  Applying auth.0004_alter_user_username_opts... OK
  Applying auth.0005_alter_user_last_login_null... OK
  Applying auth.0006_require_contenttypes_0002... OK
  Applying auth.0007_alter_validators_add_error_messages... OK
  Applying auth.0008_alter_user_username_max_length... OK
  Applying auth.0009_alter_user_last_name_max_length... OK
  Applying auth.0010_alter_group_name_max_length... OK
  Applying auth.0011_update_proxy_permissions... OK
  Applying auth.0012_alter_user_first_name_max_length... OK
  Applying papers.0001_initial... OK
test_lowercase_and_mixe
d_case (papers.tests.Se
gmentationTestCase.test
_lowercase_and_mixed_ca
se) ... FAIL

=======================
=======================
=======================
=
FAIL: test_lowercase_an
d_mixed_case (papers.te
sts.SegmentationTestCas
e.test_lowercase_and_mi
xed_case)
-----------------------
-----------------------
-----------------------
-
Traceback (most recent 
call last):
  File "D:\ECE_Research
_Paper_Explainer\papers
\tests.py", line 29, 
in test_lowercase_and_m
ixed_case
    self.assertEqual(se
ctions['methodology'], 
"methods")
    ~~~~~~~~~~~~~~~~^^^
^^^^^^^^^^^^^^^^^^^^^^^
^^^^^^^^^^
AssertionError: '' != 
'methods'
+ methods


-----------------------
-----------------------
-----------------------
-
Ran 1 test in 0.002s

FAILED (failures=1)
Destroying test 
database for alias 
'default' ('file:memory
db_default?mode=memory&
cache=shared')...

  Applying sessions.0001_initial... OK
System check identified no issues (0 silenced).
